// Jest Snapshot v1, https://goo.gl/fbAQLP

exports[`parse Base Test Case penpot file should unzip a penpot file 1`] = `
{
  "colors": [
    {
      "color": "#ecfeff",
      "id": "94b88e59-80ef-8032-8006-4a0e596c18b3",
      "modifiedAt": "2025-06-04T14:57:40.598Z",
      "name": "tailwind-cyan-50",
      "opacity": 1,
      "path": "cy",
    },
    {
      "color": "#6366f1",
      "id": "94b88e59-80ef-8032-8006-4a0e6fa7b977",
      "modifiedAt": "2025-06-04T14:57:44.746Z",
      "name": "tailwind-indigo-500 a-50",
      "opacity": 0.5,
      "path": "id",
    },
    {
      "color": "#1e2932",
      "id": "bfce85a9-aaf9-8010-8006-4a20ce4d3060",
      "modifiedAt": "2025-06-04T14:57:56.074Z",
      "name": "#1e2932",
      "opacity": 1,
    },
  ],
  "typographies": [
    {
      "fontFamily": "sourcesanspro",
      "fontId": "sourcesanspro",
      "fontSize": "14",
      "fontStyle": "normal",
      "fontVariantId": "regular",
      "fontWeight": "400",
      "id": "94b88e59-80ef-8032-8006-4a0c890124e0",
      "letterSpacing": 0,
      "lineHeight": 1.2,
      "modifiedAt": "2025-06-04T13:29:39.727Z",
      "name": "source sans pro 14 regular",
      "path": "ssp",
      "textTransform": "none",
    },
    {
      "fontFamily": "sourcesanspro",
      "fontId": "sourcesanspro",
      "fontSize": "18",
      "fontStyle": "italic",
      "fontVariantId": "bolditalic",
      "fontWeight": "bold",
      "id": "94b88e59-80ef-8032-8006-4a0cc0266f99",
      "letterSpacing": 0,
      "lineHeight": 1.2,
      "modifiedAt": "2025-06-04T13:30:24.183Z",
      "name": "Source Sans Pro Bolditalic",
      "path": "ssp",
      "textTransform": "none",
    },
    {
      "fontFamily": "sourcesanspro",
      "fontId": "sourcesanspro",
      "fontSize": "10",
      "fontStyle": "normal",
      "fontVariantId": "200",
      "fontWeight": "200",
      "id": "94b88e59-80ef-8032-8006-4a0cfb7de80a",
      "letterSpacing": 0,
      "lineHeight": 1.2,
      "modifiedAt": "2025-06-04T13:31:25.579Z",
      "name": "Source Sans Pro 200",
      "path": "ssp",
      "textTransform": "none",
    },
    {
      "fontFamily": "Stalemate",
      "fontId": "gfont-stalemate",
      "fontSize": "10",
      "fontStyle": "normal",
      "fontVariantId": "regular",
      "fontWeight": "400",
      "id": "94b88e59-80ef-8032-8006-4a0d3e146026",
      "letterSpacing": 0,
      "lineHeight": 1.2,
      "modifiedAt": "2025-06-04T14:31:56.891Z",
      "name": "Stalemate Regular",
      "path": "st",
      "textTransform": "capitalize",
    },
    {
      "fontFamily": "Stalemate",
      "fontId": "gfont-stalemate",
      "fontSize": "24",
      "fontStyle": "normal",
      "fontVariantId": "regular",
      "fontWeight": "400",
      "id": "94b88e59-80ef-8032-8006-4a0d45d7a24b",
      "letterSpacing": 0,
      "lineHeight": 1.2,
      "modifiedAt": "2025-06-04T13:32:44.669Z",
      "name": "Stalemate Regular 24 line spacing",
      "path": "st",
      "textTransform": "none",
    },
    {
      "fontFamily": "Stalemate",
      "fontId": "gfont-stalemate",
      "fontSize": "43",
      "fontStyle": "normal",
      "fontVariantId": "regular",
      "fontWeight": "400",
      "id": "94b88e59-80ef-8032-8006-4a0d8e4894b9",
      "letterSpacing": 2.4,
      "lineHeight": 3,
      "modifiedAt": "2025-06-04T13:33:56.286Z",
      "name": "Stalemate Regular all caps 24",
      "path": "st",
      "textTransform": "uppercase",
    },
    {
      "fontFamily": "sourcesanspro",
      "fontId": "sourcesanspro",
      "fontSize": "14",
      "fontStyle": "normal",
      "fontVariantId": "regular",
      "fontWeight": "400",
      "id": "bfce85a9-aaf9-8010-8006-4a20d64efe6d",
      "letterSpacing": 0,
      "lineHeight": 1.2,
      "modifiedAt": "2025-06-04T14:58:14.225Z",
      "name": "no-group",
      "path": "",
      "textTransform": "none",
    },
  ],
}
`;
